// Jest Snapshot v1, https://goo.gl/fbAQLP

exports[`Test components Render correctly 1`] = `
<div
  className="calculatorPage d-flex"
>
  <h3>
    Let's do some math!
  </h3>
  <section
    className="calculator"
  >
    <div
      className="result"
    >
      <span
        title="span"
      >
        0
      </span>
    </div>
    <div
      className="panel"
    >
      <button
        name="AC"
        onClick={[Function]}
        type="button"
      >
        AC
      </button>
      <button
        name="+/-"
        onClick={[Function]}
        type="button"
      >
        +/-
      </button>
      <button
        name="%"
        onClick={[Function]}
        type="button"
      >
        %
      </button>
      <button
        className="operators"
        name="รท"
        onClick={[Function]}
        type="button"
      >
        รท
      </button>
      <button
        name="7"
        onClick={[Function]}
        type="button"
      >
        7
      </button>
      <button
        name="8"
        onClick={[Function]}
        type="button"
      >
        8
      </button>
      <button
        name="9"
        onClick={[Function]}
        type="button"
      >
        9
      </button>
      <button
        className="operators"
        name="x"
        onClick={[Function]}
        type="button"
      >
        x
      </button>
      <button
        name="4"
        onClick={[Function]}
        type="button"
      >
        4
      </button>
      <button
        name="5"
        onClick={[Function]}
        type="button"
      >
        5
      </button>
      <button
        name="6"
        onClick={[Function]}
        type="button"
      >
        6
      </button>
      <button
        className="operators"
        name="-"
        onClick={[Function]}
        type="button"
      >
        -
      </button>
      <button
        name="1"
        onClick={[Function]}
        type="button"
      >
        1
      </button>
      <button
        name="2"
        onClick={[Function]}
        type="button"
      >
        2
      </button>
      <button
        name="3"
        onClick={[Function]}
        type="button"
      >
        3
      </button>
      <button
        className="operators"
        name="+"
        onClick={[Function]}
        type="button"
      >
        +
      </button>
      <button
        className="special"
        name="0"
        onClick={[Function]}
        type="button"
      >
        0
      </button>
      <button
        name="."
        onClick={[Function]}
        type="button"
      >
        .
      </button>
      <button
        className="operators"
        name="="
        onClick={[Function]}
        type="button"
      >
        =
      </button>
    </div>
  </section>
</div>
`;
