// Jest Snapshot v1, https://goo.gl/fbAQLP

exports[`Navbar in the home 1`] = `
<div
  className="container"
>
  <header
    className="header-nav d-flex"
  >
    <h1>
      Math Magicians
    </h1>
    <nav>
      <ul
        className="links-li d-flex"
      >
        <li>
          <a
            aria-current="page"
            className="active"
            href="/"
            onClick={[Function]}
          >
            Home
          </a>
        </li>
        <li>
          |
        </li>
        <li>
          <a
            className=""
            href="/calculator"
            onClick={[Function]}
          >
            Calculator
          </a>
        </li>
        <li>
          |
        </li>
        <li>
          <a
            className=""
            href="/quote"
            onClick={[Function]}
          >
            Quote
          </a>
        </li>
      </ul>
    </nav>
  </header>
</div>
`;
