// Jest Snapshot v1, https://goo.gl/fbAQLP

exports[`testing layout 1`] = `
<section
  className="quotes d-flex"
>
  <p
    title="text-quote"
  />
  <p
    className="author"
  />
</section>
`;
